
**** Build of configuration RAM for project 2837x_CFFT ****

"C:\\ti\\ccs1281\\ccs\\utils\\bin\\gmake" -k all 
 
Building file: "C:/ti/c2000/C2000Ware_6_00_00_00/device_support/f2837xd/common/source/F2837xD_CodeStartBranch.asm"
Invoking: C2000 Compiler
"C:/ti/ccs1281/ccs/tools/compiler/ti-cgt-c2000_22.6.1.LTS/bin/cl2000" -v28 -ml -mt --float_support=fpu32 --include_path="C:/ti/ccs1281/ccs/tools/compiler/ti-cgt-c2000_22.6.1.LTS/include" --include_path="C:/ti/c2000/C2000Ware_6_00_00_00/device_support/f2837xd/common/include" --include_path="C:/ti/c2000/C2000Ware_6_00_00_00/device_support/f2837xd/headers/include" --include_path="C:/ti/c2000/C2000Ware_6_00_00_00/libraries/dsp/FPU/c28/examples/common" --include_path="C:/ti/c2000/C2000Ware_6_00_00_00/libraries/dsp/FPU/c28/include/fpu32" --define=CPU1 -g --diag_warning=225 --abi=coffabi --preproc_with_compile --preproc_dependency="F2837xD_CodeStartBranch.d_raw"  "C:/ti/c2000/C2000Ware_6_00_00_00/device_support/f2837xd/common/source/F2837xD_CodeStartBranch.asm"
Finished building: "C:/ti/c2000/C2000Ware_6_00_00_00/device_support/f2837xd/common/source/F2837xD_CodeStartBranch.asm"
 
Building file: "C:/ti/c2000/C2000Ware_6_00_00_00/device_support/f2837xd/common/source/F2837xD_DefaultISR.c"
Invoking: C2000 Compiler
"C:/ti/ccs1281/ccs/tools/compiler/ti-cgt-c2000_22.6.1.LTS/bin/cl2000" -v28 -ml -mt --float_support=fpu32 --include_path="C:/ti/ccs1281/ccs/tools/compiler/ti-cgt-c2000_22.6.1.LTS/include" --include_path="C:/ti/c2000/C2000Ware_6_00_00_00/device_support/f2837xd/common/include" --include_path="C:/ti/c2000/C2000Ware_6_00_00_00/device_support/f2837xd/headers/include" --include_path="C:/ti/c2000/C2000Ware_6_00_00_00/libraries/dsp/FPU/c28/examples/common" --include_path="C:/ti/c2000/C2000Ware_6_00_00_00/libraries/dsp/FPU/c28/include/fpu32" --define=CPU1 -g --diag_warning=225 --abi=coffabi --preproc_with_compile --preproc_dependency="F2837xD_DefaultISR.d_raw"  "C:/ti/c2000/C2000Ware_6_00_00_00/device_support/f2837xd/common/source/F2837xD_DefaultISR.c"
Finished building: "C:/ti/c2000/C2000Ware_6_00_00_00/device_support/f2837xd/common/source/F2837xD_DefaultISR.c"
 
Building file: "C:/ti/c2000/C2000Ware_6_00_00_00/device_support/f2837xd/headers/source/F2837xD_GlobalVariableDefs.c"
Invoking: C2000 Compiler
"C:/ti/ccs1281/ccs/tools/compiler/ti-cgt-c2000_22.6.1.LTS/bin/cl2000" -v28 -ml -mt --float_support=fpu32 --include_path="C:/ti/ccs1281/ccs/tools/compiler/ti-cgt-c2000_22.6.1.LTS/include" --include_path="C:/ti/c2000/C2000Ware_6_00_00_00/device_support/f2837xd/common/include" --include_path="C:/ti/c2000/C2000Ware_6_00_00_00/device_support/f2837xd/headers/include" --include_path="C:/ti/c2000/C2000Ware_6_00_00_00/libraries/dsp/FPU/c28/examples/common" --include_path="C:/ti/c2000/C2000Ware_6_00_00_00/libraries/dsp/FPU/c28/include/fpu32" --define=CPU1 -g --diag_warning=225 --abi=coffabi --preproc_with_compile --preproc_dependency="F2837xD_GlobalVariableDefs.d_raw"  "C:/ti/c2000/C2000Ware_6_00_00_00/device_support/f2837xd/headers/source/F2837xD_GlobalVariableDefs.c"
Finished building: "C:/ti/c2000/C2000Ware_6_00_00_00/device_support/f2837xd/headers/source/F2837xD_GlobalVariableDefs.c"
 
Building file: "C:/ti/c2000/C2000Ware_6_00_00_00/device_support/f2837xd/common/source/F2837xD_Gpio.c"
Invoking: C2000 Compiler
"C:/ti/ccs1281/ccs/tools/compiler/ti-cgt-c2000_22.6.1.LTS/bin/cl2000" -v28 -ml -mt --float_support=fpu32 --include_path="C:/ti/ccs1281/ccs/tools/compiler/ti-cgt-c2000_22.6.1.LTS/include" --include_path="C:/ti/c2000/C2000Ware_6_00_00_00/device_support/f2837xd/common/include" --include_path="C:/ti/c2000/C2000Ware_6_00_00_00/device_support/f2837xd/headers/include" --include_path="C:/ti/c2000/C2000Ware_6_00_00_00/libraries/dsp/FPU/c28/examples/common" --include_path="C:/ti/c2000/C2000Ware_6_00_00_00/libraries/dsp/FPU/c28/include/fpu32" --define=CPU1 -g --diag_warning=225 --abi=coffabi --preproc_with_compile --preproc_dependency="F2837xD_Gpio.d_raw"  "C:/ti/c2000/C2000Ware_6_00_00_00/device_support/f2837xd/common/source/F2837xD_Gpio.c"
Finished building: "C:/ti/c2000/C2000Ware_6_00_00_00/device_support/f2837xd/common/source/F2837xD_Gpio.c"
 
Building file: "C:/ti/c2000/C2000Ware_6_00_00_00/device_support/f2837xd/common/source/F2837xD_PieCtrl.c"
Invoking: C2000 Compiler
"C:/ti/ccs1281/ccs/tools/compiler/ti-cgt-c2000_22.6.1.LTS/bin/cl2000" -v28 -ml -mt --float_support=fpu32 --include_path="C:/ti/ccs1281/ccs/tools/compiler/ti-cgt-c2000_22.6.1.LTS/include" --include_path="C:/ti/c2000/C2000Ware_6_00_00_00/device_support/f2837xd/common/include" --include_path="C:/ti/c2000/C2000Ware_6_00_00_00/device_support/f2837xd/headers/include" --include_path="C:/ti/c2000/C2000Ware_6_00_00_00/libraries/dsp/FPU/c28/examples/common" --include_path="C:/ti/c2000/C2000Ware_6_00_00_00/libraries/dsp/FPU/c28/include/fpu32" --define=CPU1 -g --diag_warning=225 --abi=coffabi --preproc_with_compile --preproc_dependency="F2837xD_PieCtrl.d_raw"  "C:/ti/c2000/C2000Ware_6_00_00_00/device_support/f2837xd/common/source/F2837xD_PieCtrl.c"
Finished building: "C:/ti/c2000/C2000Ware_6_00_00_00/device_support/f2837xd/common/source/F2837xD_PieCtrl.c"
 
Building file: "C:/ti/c2000/C2000Ware_6_00_00_00/device_support/f2837xd/common/source/F2837xD_PieVect.c"
Invoking: C2000 Compiler
"C:/ti/ccs1281/ccs/tools/compiler/ti-cgt-c2000_22.6.1.LTS/bin/cl2000" -v28 -ml -mt --float_support=fpu32 --include_path="C:/ti/ccs1281/ccs/tools/compiler/ti-cgt-c2000_22.6.1.LTS/include" --include_path="C:/ti/c2000/C2000Ware_6_00_00_00/device_support/f2837xd/common/include" --include_path="C:/ti/c2000/C2000Ware_6_00_00_00/device_support/f2837xd/headers/include" --include_path="C:/ti/c2000/C2000Ware_6_00_00_00/libraries/dsp/FPU/c28/examples/common" --include_path="C:/ti/c2000/C2000Ware_6_00_00_00/libraries/dsp/FPU/c28/include/fpu32" --define=CPU1 -g --diag_warning=225 --abi=coffabi --preproc_with_compile --preproc_dependency="F2837xD_PieVect.d_raw"  "C:/ti/c2000/C2000Ware_6_00_00_00/device_support/f2837xd/common/source/F2837xD_PieVect.c"
Finished building: "C:/ti/c2000/C2000Ware_6_00_00_00/device_support/f2837xd/common/source/F2837xD_PieVect.c"
 
Building file: "C:/ti/c2000/C2000Ware_6_00_00_00/device_support/f2837xd/common/source/F2837xD_SysCtrl.c"
Invoking: C2000 Compiler
"C:/ti/ccs1281/ccs/tools/compiler/ti-cgt-c2000_22.6.1.LTS/bin/cl2000" -v28 -ml -mt --float_support=fpu32 --include_path="C:/ti/ccs1281/ccs/tools/compiler/ti-cgt-c2000_22.6.1.LTS/include" --include_path="C:/ti/c2000/C2000Ware_6_00_00_00/device_support/f2837xd/common/include" --include_path="C:/ti/c2000/C2000Ware_6_00_00_00/device_support/f2837xd/headers/include" --include_path="C:/ti/c2000/C2000Ware_6_00_00_00/libraries/dsp/FPU/c28/examples/common" --include_path="C:/ti/c2000/C2000Ware_6_00_00_00/libraries/dsp/FPU/c28/include/fpu32" --define=CPU1 -g --diag_warning=225 --abi=coffabi --preproc_with_compile --preproc_dependency="F2837xD_SysCtrl.d_raw"  "C:/ti/c2000/C2000Ware_6_00_00_00/device_support/f2837xd/common/source/F2837xD_SysCtrl.c"
Finished building: "C:/ti/c2000/C2000Ware_6_00_00_00/device_support/f2837xd/common/source/F2837xD_SysCtrl.c"
 
Building file: "C:/ti/c2000/C2000Ware_6_00_00_00/device_support/f2837xd/common/source/F2837xD_usDelay.asm"
Invoking: C2000 Compiler
"C:/ti/ccs1281/ccs/tools/compiler/ti-cgt-c2000_22.6.1.LTS/bin/cl2000" -v28 -ml -mt --float_support=fpu32 --include_path="C:/ti/ccs1281/ccs/tools/compiler/ti-cgt-c2000_22.6.1.LTS/include" --include_path="C:/ti/c2000/C2000Ware_6_00_00_00/device_support/f2837xd/common/include" --include_path="C:/ti/c2000/C2000Ware_6_00_00_00/device_support/f2837xd/headers/include" --include_path="C:/ti/c2000/C2000Ware_6_00_00_00/libraries/dsp/FPU/c28/examples/common" --include_path="C:/ti/c2000/C2000Ware_6_00_00_00/libraries/dsp/FPU/c28/include/fpu32" --define=CPU1 -g --diag_warning=225 --abi=coffabi --preproc_with_compile --preproc_dependency="F2837xD_usDelay.d_raw"  "C:/ti/c2000/C2000Ware_6_00_00_00/device_support/f2837xd/common/source/F2837xD_usDelay.asm"
Finished building: "C:/ti/c2000/C2000Ware_6_00_00_00/device_support/f2837xd/common/source/F2837xD_usDelay.asm"
 
Building file: "C:/ti/c2000/C2000Ware_6_00_00_00/libraries/dsp/FPU/c28/examples/common/examples_setup.c"
Invoking: C2000 Compiler
"C:/ti/ccs1281/ccs/tools/compiler/ti-cgt-c2000_22.6.1.LTS/bin/cl2000" -v28 -ml -mt --float_support=fpu32 --include_path="C:/ti/ccs1281/ccs/tools/compiler/ti-cgt-c2000_22.6.1.LTS/include" --include_path="C:/ti/c2000/C2000Ware_6_00_00_00/device_support/f2837xd/common/include" --include_path="C:/ti/c2000/C2000Ware_6_00_00_00/device_support/f2837xd/headers/include" --include_path="C:/ti/c2000/C2000Ware_6_00_00_00/libraries/dsp/FPU/c28/examples/common" --include_path="C:/ti/c2000/C2000Ware_6_00_00_00/libraries/dsp/FPU/c28/include/fpu32" --define=CPU1 -g --diag_warning=225 --abi=coffabi --preproc_with_compile --preproc_dependency="examples_setup.d_raw"  "C:/ti/c2000/C2000Ware_6_00_00_00/libraries/dsp/FPU/c28/examples/common/examples_setup.c"
Finished building: "C:/ti/c2000/C2000Ware_6_00_00_00/libraries/dsp/FPU/c28/examples/common/examples_setup.c"
 
Building file: "../main.c"
Invoking: C2000 Compiler
"C:/ti/ccs1281/ccs/tools/compiler/ti-cgt-c2000_22.6.1.LTS/bin/cl2000" -v28 -ml -mt --float_support=fpu32 --include_path="C:/ti/ccs1281/ccs/tools/compiler/ti-cgt-c2000_22.6.1.LTS/include" --include_path="C:/ti/c2000/C2000Ware_6_00_00_00/device_support/f2837xd/common/include" --include_path="C:/ti/c2000/C2000Ware_6_00_00_00/device_support/f2837xd/headers/include" --include_path="C:/ti/c2000/C2000Ware_6_00_00_00/libraries/dsp/FPU/c28/examples/common" --include_path="C:/ti/c2000/C2000Ware_6_00_00_00/libraries/dsp/FPU/c28/include/fpu32" --define=CPU1 -g --diag_warning=225 --abi=coffabi --preproc_with_compile --preproc_dependency="main.d_raw"  "../main.c"
Finished building: "../main.c"
 
Building target: "2837x_CFFT.out"
Invoking: C2000 Linker
"C:/ti/ccs1281/ccs/tools/compiler/ti-cgt-c2000_22.6.1.LTS/bin/cl2000" -v28 -ml -mt --float_support=fpu32 --define=CPU1 -g --diag_warning=225 --abi=coffabi -z -m"2837x_CFFT.map" --stack_size=0x200 --warn_sections -i"C:/ti/ccs1281/ccs/tools/compiler/ti-cgt-c2000_22.6.1.LTS/lib" -i"C:/ti/ccs1281/ccs/tools/compiler/ti-cgt-c2000_22.6.1.LTS/include" -i"C:/ti/c2000/C2000Ware_6_00_00_00/libraries/dsp/FPU/c28/lib" --reread_libs --define=RAM --xml_link_info="2837x_CFFT_linkInfo.xml" --entry_point=code_start --rom_model -o "2837x_CFFT.out" "./F2837xD_CodeStartBranch.obj" "./F2837xD_DefaultISR.obj" "./F2837xD_GlobalVariableDefs.obj" "./F2837xD_Gpio.obj" "./F2837xD_PieCtrl.obj" "./F2837xD_PieVect.obj" "./F2837xD_SysCtrl.obj" "./F2837xD_usDelay.obj" "./examples_setup.obj" "./main.obj" "C:/ti/c2000/C2000Ware_6_00_00_00/libraries/dsp/FPU/c28/examples/common/f2837xd/F2837xD_FPU_CFFT_lnk.cmd" "C:/ti/c2000/C2000Ware_6_00_00_00/device_support/f2837xd/headers/cmd/F2837xD_Headers_nonBIOS_cpu1.cmd"  -llibc.a -lc28x_fpu_dsp_library.lib 
<Linking>
warning: entry-point symbol other than "_c_int00" specified:  "code_start"
Finished building target: "2837x_CFFT.out"
 

**** Build Finished ****
